// Jest Snapshot v1, https://goo.gl/fbAQLP

exports[`should print help message: help data is incorrect 1`] = `
"extension delete

Delete an extension

Options:
  -h, --help                Show help                                  [boolean]
  --id                      Extension id                     [string] [required]
  --management-token, --mt  Contentful management API token             [string]
  --space-id                Space id                                    [string]
  --environment-id          Environment id                              [string]
  --version                 Current version of the extension for optimistic
                            locking                                     [number]
  --force                   Force operation without explicit version   [boolean]

Copyright 2019 Contentful"
`;
