// Jest Snapshot v1, https://goo.gl/fbAQLP

exports[`should print help message: help data is incorrect 1`] = `
"Usage: contentful space list

Options:
  -h, --help                Show help                                  [boolean]
  --management-token, --mt  Contentful management API token             [string]

See more at:
https://github.com/contentful/contentful-cli/tree/master/docs/space/list
Copyright 2019 Contentful"
`;
