// Jest Snapshot v1, https://goo.gl/fbAQLP

exports[`create access token - fails when not logged in 1`] = `
"You have to be logged in to do this.
You can log in via contentful login
Or provide a managementToken via --management-Token argument"
`;

exports[`create access token - requires space id 1`] = `"You need to provide a space id. You can pass it via the --space-id parameter or by running contentful space use"`;
