// Jest Snapshot v1, https://goo.gl/fbAQLP

exports[`organization import should print help message: organization import help data is correct 1`] = `
"Usage: contentful organization import --content-file <path/to/content-file.json>

Options:
  -h, --help                Show help                                  [boolean]
  --management-token, --mt  Contentful management API token             [string]
  --organization-id, --oid  ID of Organization with source data
                                                             [string] [required]
  --header, -H              Pass an additional HTTP Header              [string]
  --content-file, -f        Content file with entities that need to be imported
                                                             [string] [required]
  --silent, -s              Suppress any log output   [boolean] [default: false]
  --error-log-file          Full path to the error log file             [string]"
`;
