// Jest Snapshot v1, https://goo.gl/fbAQLP

exports[`active space is required 1`] = `"No active space. Please select a space via [36mcontentful space use[39m before selecting an active environment."`;

exports[`login is required 1`] = `
"You have to be logged in to do this.
You can log in via [36mcontentful login[39m
Or provide a managementToken via --management-token argument"
`;
