// Jest Snapshot v1, https://goo.gl/fbAQLP

exports[`Throws an error if installation parameters cannot be parsed 1`] = `"Could not parse JSON string of installation parameter values"`;

exports[`Throws error if both src and srcdoc are at the same time 1`] = `"Must contain exactly one of: src, srcdoc"`;

exports[`Throws error if both src and srcdoc are not provided 1`] = `"Must contain exactly one of: src, srcdoc"`;

exports[`Throws error if name is missing 1`] = `"Missing required properties: name"`;
